{
  "modifiedAt": "2019-09-07T22:12:19.402752889+09:00",
  "data": {
    "request": {
      "method": "GET",
      "path": "/auth/basic-auth/user/pass"
    },
    "response": {
      "data": {
        "authenticated": false
      },
      "statusCode": 401
    }
  }
}
