{
  "modifiedAt": "2019-07-28T22:49:55.766097316+09:00",
  "replaceMap": {
    "#/now": "2019-07-28T22:49:55+09:00"
  },
  "data": {
    "name": "foo",
    "now": "2019-07-28T22:49:55+09:00"
  }
}
