{
  "ctime": "2019-07-27T16:32:49.84180732+09:00",
  "data": {
    "name": "foo",
    "age": 20
  }
}
