{
  "modifiedAt": "2019-07-27T22:48:31.008320964+09:00",
  "data": {
    "name": "foo",
    "age": 20
  }
}
