{
  "modifiedAt": "2019-08-04T19:09:46.69264027+09:00",
  "data": {
    "request": {
      "method": "GET",
      "path": "/status/200"
    },
    "response": {
      "data": {
        "message": "OK",
        "status": 200
      },
      "statusCode": 200
    }
  }
}
