{
  "modifiedAt": "2019-09-07T11:00:48.308852709+09:00",
  "data": {
    "request": {
      "method": "GET",
      "path": "/status/201"
    },
    "response": {
      "data": {
        "message": "Created",
        "status": 201
      },
      "statusCode": 201
    }
  }
}
