{
  "modifiedAt": "2019-09-07T11:00:48.308345038+09:00",
  "data": {
    "request": {
      "method": "GET",
      "path": "/status/200"
    },
    "response": {
      "data": {
        "message": "OK",
        "status": 200
      },
      "statusCode": 200
    }
  }
}
