{
  "modifiedAt": "2019-09-07T20:28:44.213057069+09:00",
  "data": {
    "result": 6
  }
}
